[31m[Nest] 39068  - [39m16/06/2026, 15:22:40 [31m  ERROR[39m [38;5;3m[NestApplication] [39m[31mError: listen EADDRINUSE: address already in use :::3000[39m[38;5;3m +2ms[39m
node:net:2008
    const ex = new UVExceptionWithHostPort(err, 'listen', address, port);
               ^

Error: listen EADDRINUSE: address already in use :::3000
    at Server.setupListenHandle [as _listen2] (node:net:2008:16)
    at listenInCluster (node:net:2065:12)
    at Server.listen (node:net:2170:7)
    at ExpressAdapter.listen (C:\Users\t\Desktop\Projects\tv-app\node_modules\.pnpm\@nestjs+platform-express@11_affd1a26fdc6220e98f856ee57da5bfe\node_modules\@nestjs\platform-express\adapters\express-adapter.js:115:32)
    at C:\Users\t\Desktop\Projects\tv-app\node_modules\.pnpm\@nestjs+core@11.1.26_@nestj_678c331a1fca96c8facf3cd5e6b105e1\node_modules\@nestjs\core\nest-application.js:190:30
    at new Promise (<anonymous>)
    at NestApplication.listen (C:\Users\t\Desktop\Projects\tv-app\node_modules\.pnpm\@nestjs+core@11.1.26_@nestj_678c331a1fca96c8facf3cd5e6b105e1\node_modules\@nestjs\core\nest-application.js:180:16)
    at async bootstrap (C:\Users\t\Desktop\Projects\tv-app\apps\api\src\main.ts:33:3) {
  code: 'EADDRINUSE',
  errno: -4091,
  syscall: 'listen',
  address: '::',
  port: 3000
}

Node.js v24.15.0
